<?xml version="1.0" encoding="utf-8"?>
<TestRun id="77ac706b-584c-4dc0-96fa-950685f59182" name="Rodolfo@LAPTOP-C0BNKQKU 2020-04-15 15:54:38" runUser="LAPTOP-C0BNKQKU\Rodolfo" xmlns="http://microsoft.com/schemas/VisualStudio/TeamTest/2010">
  <Times creation="2020-04-15T15:54:38.5060262-03:00" queuing="2020-04-15T15:54:38.5060279-03:00" start="2020-04-15T15:54:22.0029402-03:00" finish="2020-04-15T15:54:38.5684299-03:00" />
  <TestSettings name="default" id="ee293832-aaed-4011-8ad6-9460f367219e">
    <Deployment runDeploymentRoot="Rodolfo_LAPTOP-C0BNKQKU_2020-04-15_15_54_38" />
  </TestSettings>
  <Results>
    <UnitTestResult executionId="febda6c2-4686-43af-80bc-c69cc106875f" testId="384649cd-b5df-505f-9b10-0e7e38b1a40f" testName="Test1" computerName="LAPTOP-C0BNKQKU" duration="00:00:15.2506180" startTime="2020-04-15T15:54:23.0000000-03:00" endTime="2020-04-15T15:54:38.0000000-03:00" testType="13cdc9d9-ddb5-4fa4-a97d-d965ccfc6d4b" outcome="Passed" testListId="8c84fa94-04c1-424b-9868-57a2d4851a1d" relativeResultsDirectory="febda6c2-4686-43af-80bc-c69cc106875f">
      <ResultFiles>
        <ResultFile path="LAPTOP-C0BNKQKU\0-1001.png" />
      </ResultFiles>
    </UnitTestResult>
  </Results>
  <TestDefinitions>
    <UnitTest name="Test1" storage="c:\projetoazuresembdd\google-net\bin\debug\netcoreapp3.1\google-net.dll" id="384649cd-b5df-505f-9b10-0e7e38b1a40f">
      <Execution id="febda6c2-4686-43af-80bc-c69cc106875f" />
      <TestMethod codeBase="C:\ProjetoAzureSemBDD\google-net\bin\Debug\netcoreapp3.1\google-net.dll" adapterTypeName="executor://nunit3testexecutor/" className="google_net.OnAirTest" name="Test1" />
    </UnitTest>
  </TestDefinitions>
  <TestEntries>
    <TestEntry testId="384649cd-b5df-505f-9b10-0e7e38b1a40f" executionId="febda6c2-4686-43af-80bc-c69cc106875f" testListId="8c84fa94-04c1-424b-9868-57a2d4851a1d" />
  </TestEntries>
  <TestLists>
    <TestList name="Resultados que não estão em uma lista" id="8c84fa94-04c1-424b-9868-57a2d4851a1d" />
    <TestList name="Todos os resultados carregados" id="19431567-8539-422a-85d7-44ee4e166bda" />
  </TestLists>
  <ResultSummary outcome="Completed">
    <Counters total="1" executed="1" passed="1" failed="0" error="0" timeout="0" aborted="0" inconclusive="0" passedButRunAborted="0" notRunnable="0" notExecuted="0" disconnected="0" warning="0" completed="0" inProgress="0" pending="0" />
    <Output>
      <StdOut>NUnit Adapter 3.15.1.0: Test execution started&#xD;
Running all tests in C:\ProjetoAzureSemBDD\google-net\bin\Debug\netcoreapp3.1\google-net.dll&#xD;
   NUnit3TestExecutor converted 1 of 1 NUnit test cases&#xD;
NUnit Adapter 3.15.1.0: Test execution complete&#xD;
</StdOut>
    </Output>
  </ResultSummary>
</TestRun>